// Jest Snapshot v1, https://goo.gl/fbAQLP

exports[`renders the app 1`] = `
Object {
  "asFragment": [Function],
  "baseElement": <body>
    <div>
      <div
        class="App"
      >
        <button
          class="sc-bdfBwQ eiPQmm"
        >
          Switch Theme
        </button>
        <h1>
          Alive
        </h1>
        <input
          checked=""
          class="sc-gsTCUz drHVHv"
          id="light"
          name="theme"
          type="radio"
          value="light"
        />
        <label
          for="light"
        >
          Light
        </label>
        <br />
        <input
          class="sc-gsTCUz drHVHv"
          id="dark"
          name="theme"
          type="radio"
          value="dark"
        />
        <label
          for="dark"
        >
          Dark
        </label>
        <br />
        <p>
          Still alive
        </p>
      </div>
    </div>
  </body>,
  "container": <div>
    <div
      class="App"
    >
      <button
        class="sc-bdfBwQ eiPQmm"
      >
        Switch Theme
      </button>
      <h1>
        Alive
      </h1>
      <input
        checked=""
        class="sc-gsTCUz drHVHv"
        id="light"
        name="theme"
        type="radio"
        value="light"
      />
      <label
        for="light"
      >
        Light
      </label>
      <br />
      <input
        class="sc-gsTCUz drHVHv"
        id="dark"
        name="theme"
        type="radio"
        value="dark"
      />
      <label
        for="dark"
      >
        Dark
      </label>
      <br />
      <p>
        Still alive
      </p>
    </div>
  </div>,
  "debug": [Function],
  "findAllByAltText": [Function],
  "findAllByDisplayValue": [Function],
  "findAllByLabelText": [Function],
  "findAllByPlaceholderText": [Function],
  "findAllByRole": [Function],
  "findAllByTestId": [Function],
  "findAllByText": [Function],
  "findAllByTitle": [Function],
  "findByAltText": [Function],
  "findByDisplayValue": [Function],
  "findByLabelText": [Function],
  "findByPlaceholderText": [Function],
  "findByRole": [Function],
  "findByTestId": [Function],
  "findByText": [Function],
  "findByTitle": [Function],
  "getAllByAltText": [Function],
  "getAllByDisplayValue": [Function],
  "getAllByLabelText": [Function],
  "getAllByPlaceholderText": [Function],
  "getAllByRole": [Function],
  "getAllByTestId": [Function],
  "getAllByText": [Function],
  "getAllByTitle": [Function],
  "getByAltText": [Function],
  "getByDisplayValue": [Function],
  "getByLabelText": [Function],
  "getByPlaceholderText": [Function],
  "getByRole": [Function],
  "getByTestId": [Function],
  "getByText": [Function],
  "getByTitle": [Function],
  "queryAllByAltText": [Function],
  "queryAllByDisplayValue": [Function],
  "queryAllByLabelText": [Function],
  "queryAllByPlaceholderText": [Function],
  "queryAllByRole": [Function],
  "queryAllByTestId": [Function],
  "queryAllByText": [Function],
  "queryAllByTitle": [Function],
  "queryByAltText": [Function],
  "queryByDisplayValue": [Function],
  "queryByLabelText": [Function],
  "queryByPlaceholderText": [Function],
  "queryByRole": [Function],
  "queryByTestId": [Function],
  "queryByText": [Function],
  "queryByTitle": [Function],
  "rerender": [Function],
  "unmount": [Function],
}
`;
